<html>
<body>
<pre>
<h1>µVision Build Log</h1>
<h2>Project:</h2>
D:\practice\keil_ide_4\Left_Indicator_Node_LPC2129\Left_Indicator_Node_LPC2129.uvproj
Project File Date:  04/08/2026

<h2>Output:</h2>
Rebuild target 'Target 1'
assembling Startup.s...
compiling left_indicator.c...
linking...
Program Size: Code=1584 RO-data=16 RW-data=0 ZI-data=1256  
FromELF: creating hex file...
".\Left_Indicator_Node_LPC2129.axf" - 0 Error(s), 0 Warning(s).
</pre>
</body>
</html>

FromELF: creating hex file...
".\Left_Indicator_Node_LPC2129.axf" - 0 Error(s), 1 Warning(s).
