<html>
<body>
<pre>
<h1>µVision Build Log</h1>
<h2>Project:</h2>
D:\practice\keil_ide_4\Intelligent Distributed Automotive Body Control System Using ARM7-LPC2129 and CAN Protocol with Diagnostics and Fault Monitoring\Automotive_BCM_CAN_LPC2129\Automotive_BCM_CAN_LPC2129.uvproj
Project File Date:  04/08/2026

<h2>Output:</h2>
Build target 'Target 1'
compiling lcd.c...
linking...
Program Size: Code=2560 RO-data=16 RW-data=0 ZI-data=1256  
FromELF: creating hex file...
".\Automotive_BCM_CAN_LPC2129.axf" - 0 Error(s), 0 Warning(s).
</pre>
</body>
</html>
